[*.diz]
Summary=临时文件
LSummary=下载过程中产生的文件
ShortTranName=TempFile
LongTranName=fcwdir
Level=1
Checked=0
[*.tmp]
Summary=临时文件
LSummary=应用程序创建的临时文件
ShortTranName=TempFile
LongTranName=tfcbp
Level=0
Checked=1
[*.temp]
Summary=临时文件
LSummary=应用程序创建的临时文件
ShortTranName=TempFile
LongTranName=tfcbp
Level=0
Checked=1
[*.chk]
Summary=已恢复的文件
LSummary=磁盘扫描时创建的还原文件
ShortTranName=chkfile
LongTranName=sdrf
Level=0
Checked=1
[*.old]
Summary=旧文件
LSummary=过期文件
ShortTranName=OldFile
LongTranName=outdatedfile
Level=1
Checked=0
[*.gid]
Summary=临时文件
LSummary=帮助文件运行时产生的文件
ShortTranName=TempFile
LongTranName=fcwhfir
Level=0
Checked=1
[*.nch]
Summary=临时文件
LSummary=组消息缓冲文件
ShortTranName=TempFile
LongTranName=Ncfile
Level=1
Checked=0
[*.wbk]
Summary=备份文件
LSummary=Word文档备份文件
ShortTranName=Backupfile
LongTranName=WBfile
Level=1
Checked=0
[*.fts]
Summary=临时文件
LSummary=搜索帮助文件时所产生的文件
ShortTranName=TempFile
LongTranName=Cbswahf
Level=0
Checked=1
[*.ftg]
Summary=临时文件
LSummary=Windows帮助系统临时文件
ShortTranName=TempFile
LongTranName=whtf
Level=0
Checked=1
[*.$$$]
Summary=旧文件
LSummary=过期文件
ShortTranName=OldFile
LongTranName=outdatedfile
Level=0
Checked=1
[*log.txt]
Summary=日志文件
LSummary=应用程序或系统服务创建的日志文件
ShortTranName=Logfile
LongTranName=LLogfile
Level=1
Checked=0
[*.err]
Summary=错误文件
LSummary=错误文件
ShortTranName=Errorfile
LongTranName=Errorfile
Level=0
Checked=1
[*.---]
Summary=临时文件
LSummary=应用程序创建的临时文件
ShortTranName=TempFile
LongTranName=tfcbp
Level=0
Checked=1
[*.~*]
Summary=临时文件
LSummary=应用程序创建的临时文件
ShortTranName=TempFile
LongTranName=tfcbp
Level=0
Checked=1
[~*.*]
Summary=临时文件
LSummary=应用程序创建的临时文件
ShortTranName=TempFile
LongTranName=tfcbp
Level=1
Checked=0
[*.??$]
Summary=临时文件
LSummary=应用程序创建的临时文件
ShortTranName=TempFile
LongTranName=tfcbp
Level=0
Checked=1
[*.___]
Summary=临时文件
LSummary=应用程序创建的临时文件
ShortTranName=TempFile
LongTranName=tfcbp
Level=0
Checked=1
[*.log]
Summary=日志文件
LSummary=应用程序或系统服务创建的日志文件
ShortTranName=Logfile
LongTranName=LLogfile
Level=1
Checked=0
[*.~mp]
Summary=临时文件
LSummary=应用程序创建的临时文件
ShortTranName=TempFile
LongTranName=tfcbp
Level=0
Checked=1
[*._mp]
Summary=临时文件
LSummary=应用程序创建的临时文件
ShortTranName=TempFile
LongTranName=tfcbp
Level=0
Checked=1
[*.dmp]
Summary=临时文件
LSummary=
ShortTranName=TempFile
LongTranName=Windows memory dump file.
Level=0
Checked=1
[*.prv]
Summary=旧文件
LSummary=过期文件
ShortTranName=OldFile
LongTranName=outdatedfile
Level=1
Checked=0
[*.sik]
Summary=备份文件
LSummary=备份文件
ShortTranName=Backupfile
LongTranName=Backupfile
Level=1
Checked=0
[*.bak]
Summary=备份文件
LSummary=修改文件的备份副本
ShortTranName=Backupfile
LongTranName=bcomf
Level=1
Checked=0
[thumbs.db]
Summary=索引文件
LSummary=为提高图片浏览速度而由系统产生的索引文件
ShortTranName=Indexfile
LongTranName=ifcbsiotitpbs
Level=1
Checked=0
[CHKLIST.MS]
Summary=临时文件
LSummary=安装时所产生的临时文件
ShortTranName=TempFile
LongTranName=Tfcds
Level=0
Checked=1
[*.ilk]
Summary=中间文件
LSummary=中间文件
ShortTranName=Intermediatefile
LongTranName=Intermediatefile
Level=1
Checked=0
[*.aps]
Summary=中间文件
LSummary=中间文件
ShortTranName=Intermediatefile
LongTranName=Intermediatefile
Level=1
Checked=0
[*.ncb]
Summary=中间文件
LSummary=中间文件
ShortTranName=Intermediatefile
LongTranName=Intermediatefile
Level=1
Checked=0
[*.pch]
Summary=中间文件
LSummary=中间文件
ShortTranName=Intermediatefile
LongTranName=Intermediatefile
Level=1
Checked=0
[*.$db]
Summary=临时文件
LSummary=应用程序创建的临时文件
ShortTranName=TempFile
LongTranName=tfcbp
Level=1
Checked=0
[*.?$?]
Summary=临时文件
LSummary=应用程序创建的临时文件
ShortTranName=TempFile
LongTranName=tfcbp
Level=0
Checked=1
[*.??~]
Summary=临时文件
LSummary=应用程序创建的临时文件
ShortTranName=TempFile
LongTranName=tfcbp
Level=0
Checked=1
[*.?~?]
Summary=临时文件
LSummary=应用程序创建的临时文件
ShortTranName=TempFile
LongTranName=tfcbp
Level=0
Checked=1
[*.db$]
Summary=临时文件
LSummary=应用程序创建的临时文件
ShortTranName=TempFile
LongTranName=tfcbp
Level=1
Checked=0
[*.^]
Summary=临时文件
LSummary=应用程序创建的临时文件
ShortTranName=TempFile
LongTranName=tfcbp
Level=1
Checked=0
[*._dd]
Summary=临时文件
LSummary=应用程序创建的临时文件
ShortTranName=TempFile
LongTranName=tfcbp
Level=1
Checked=0
[*._detmp]
Summary=临时文件
LSummary=应用程序创建的临时文件
ShortTranName=TempFile
LongTranName=tfcbp
Level=1
Checked=0
[chklist.*]
Summary=临时文件
LSummary=安装时所产生的临时文件
ShortTranName=TempFile
LongTranName=Tfcds
Level=0
Checked=1
[mscreate.dir]
Summary=临时文件
LSummary=安装时所产生的临时文件
ShortTranName=TempFile
LongTranName=Tfcds
Level=0
Checked=1
[log*.txt]
Summary=日志文件
LSummary=应用程序或系统服务创建的日志文件
ShortTranName=Logfile
LongTranName=LLogfile
Level=1
Checked=0
[*.log?]
Summary=日志文件
LSummary=应用程序或系统服务创建的日志文件
ShortTranName=Logfile
LongTranName=LLogfile
Level=1
Checked=0
